// Jest Snapshot v1, https://goo.gl/fbAQLP

exports[`print 1`] = `"$ node tests/fixtures/example.js"`;

exports[`print 2`] = `"No formatting on this one."`;

exports[`print 3`] = `"🚫  [31m[1mEnvironment variables not set![22m[39m"`;

exports[`print 4`] = `"🚫  [31m[1mError: [22m[39m[31m[1mNo assertions were executed on that test.[22m[39m"`;

exports[`print 5`] = `"🚫  [31m[1mExampleError: [22m[39m[1mExpected something else.[22m"`;

exports[`print 6`] = `"🚫  [31m[1mTimeout reached:[22m[39m [31m[1mpromise cancelled[22m[39m"`;

exports[`print 7`] = `"⚠️   [33m[1mFile was overwritten:[22m[39m "`;

exports[`print 8`] = `"    /tmp/fakeFile.json"`;

exports[`print 9`] = `"💁  [34m[1mDone in 0.91s.[22m[39m"`;

exports[`print 10`] = `"🐛  [35m[1mFlaky test started.[22m[39m "`;

exports[`print 11`] = `"    Make sure you check it out."`;

exports[`print 12`] = `"    Could be trouble."`;

exports[`print 13`] = `"💬  [1mRequest made to server.[22m"`;

exports[`print 14`] = `"🔑  [36m$2b$12$HMJFAblrhBCGxTWv5BnIFe[39m"`;

exports[`print 15`] = `"    [1mexport default () => {[22m"`;

exports[`print 16`] = `"    [1m  console.log('Hello World!')[22m"`;

exports[`print 17`] = `"    [1m}[22m"`;

exports[`print 18`] = `"    [1m[22m"`;

exports[`print 19`] = `"✅  [32m[1mYou did it![22m[39m Great job."`;

exports[`print 20`] = `"🐛  [35m[1mTotal tests run:[22m[39m 1"`;

exports[`print 21`] = `"⚠️   [33m[1mError: [22m[39m[33m[1mUser not found[22m[39m"`;

exports[`print 22`] = `"     1 {"`;

exports[`print 23`] = `"     2   id: 321,"`;

exports[`print 24`] = `"     3   enabled: true,"`;

exports[`print 25`] = `"     4   email: 'jack@river.com',"`;

exports[`print 26`] = `"     5   details: {"`;

exports[`print 27`] = `"     6     firstName: 'Jack',"`;

exports[`print 28`] = `"     7     lastName: 'River',"`;

exports[`print 29`] = `"     8     registered: '2019-06-21T00:13:54.246Z',"`;

exports[`print 30`] = `"     9     address: {"`;

exports[`print 31`] = `"    10       address: '1 Test St',"`;

exports[`print 32`] = `"    11       apt: '201a',"`;

exports[`print 33`] = `"    12       city: 'Red Hook',"`;

exports[`print 34`] = `"    13       state: 'VI',"`;

exports[`print 35`] = `"    14       phoneNumbers: ["`;

exports[`print 36`] = `"    15         '617-555-5555',"`;

exports[`print 37`] = `"    16         '860-555-5555'"`;

exports[`print 38`] = `"    17       ]"`;

exports[`print 39`] = `"    18     }"`;

exports[`print 40`] = `"    19   },"`;

exports[`print 41`] = `"    20   fullName: fullName () {"`;

exports[`print 42`] = `"    21     return \`\${this.details.firstName} \${this.details.lastName}\`"`;

exports[`print 43`] = `"    22   },"`;

exports[`print 44`] = `"    23   boss: '[Circular]'"`;

exports[`print 45`] = `"    24 }"`;

exports[`print 46`] = `""`;

exports[`print 47`] = `"    A new version is available v1.1.0!"`;

exports[`print 48`] = `""`;

exports[`print 49`] = `"      * Run yarn add widget@latest to upgrade"`;

exports[`print 50`] = `"      * Re-run widget"`;

exports[`print 51`] = `"✅  [32m[1mSuccess![22m[39m [0m[1mDonezo.[22m[0m"`;

exports[`print 52`] = `"☠️   [31m[1mThis computer is dead.[22m[39m"`;

exports[`print 53`] = `"    No emojis, homies "`;

exports[`print 54`] = `"    1 {"`;

exports[`print 55`] = `"    2   also: 'no ansi'"`;

exports[`print 56`] = `"    3 }"`;

exports[`print 57`] = `""`;

exports[`return 1`] = `
"💁  [34m[1mEllo Guvna[22m[39m
"
`;
