// Jest Snapshot v1, https://goo.gl/fbAQLP

exports[`print 1`] = `
"$ node tests/fixtures/example.js
🐛  Flaky test started. 
    Make sure you check it out.
    Could be trouble.
💬  Request made to server.
🔑  $2b$12$HMJFAblrhBCGxTWv5BnIFe
    export default () => {
      console.log('Hello World!')
    }

✅  You did it! Great job."
`;
